// Jest Snapshot v1, https://goo.gl/fbAQLP

exports[`PolicyPage: рендер без ошибок 1`] = `
<div
  className="sc-bxivhb dUiVDW"
>
  <div>
    PolicyPage
  </div>
</div>
`;
